// Jest Snapshot v1, https://goo.gl/fbAQLP

exports[`test PriceList component should rener the component to match snapshot 1`] = `ShallowWrapper {}`;
